[preview.colorlib.com/theme/yogabest/index.html]
[backblue.gif]
[fade.gif]
[index.html]
[stackpath.bootstrapcdn.com/font-awesome/4.7.0/css/font-awesome.min.css]
[preview.colorlib.com/theme/yogabest/css/animate.css+owl.carousel.min.css+owl.theme.default.min.css+magnific-popup.css+flaticon.css+style.css.pagespeed.cc.bwKY_dlrxy.css]
[preview.colorlib.com/theme/yogabest/about.html]
[preview.colorlib.com/theme/yogabest/trainer.html]
[preview.colorlib.com/theme/yogabest/classes.html]
[preview.colorlib.com/theme/yogabest/schedule.html]
[preview.colorlib.com/theme/yogabest/blog.html]
[preview.colorlib.com/theme/yogabest/contact.html]
[preview.colorlib.com/theme/yogabest/images/bg_1.jpg]
[preview.colorlib.com/theme/yogabest/images/xabout.jpg.pagespeed.ic.aJJC9wJ4CW.jpg]
[preview.colorlib.com/theme/yogabest/images/xabout-2.jpg.pagespeed.ic.pLLumwMSw3.jpg]
[preview.colorlib.com/theme/yogabest/images/xbg_3.jpg.pagespeed.ic.llEX0MlaqZ.jpg]
[preview.colorlib.com/theme/yogabest/images/xabout.png.pagespeed.ic.cAeejAOJpn.png]
[preview.colorlib.com/theme/yogabest/images/xbg_2.jpg.pagespeed.ic.5YzU9MprWM.jpg]
[preview.colorlib.com/theme/yogabest/images/xclasses-1.jpg.pagespeed.ic.5co_yudooJ.jpg]
[preview.colorlib.com/theme/yogabest/images/xclasses-2.jpg.pagespeed.ic.eydhx8MX3J.jpg]
[preview.colorlib.com/theme/yogabest/images/xclasses-3.jpg.pagespeed.ic.cZC14ynaA0.jpg]
[preview.colorlib.com/theme/yogabest/images/xclasses-4.jpg.pagespeed.ic.uddW-yZjYH.jpg]
[preview.colorlib.com/theme/yogabest/images/xclasses-5.jpg.pagespeed.ic.v91yMlVC0C.jpg]
[preview.colorlib.com/theme/yogabest/images/xclasses-6.jpg.pagespeed.ic.SMPoWwfnbe.jpg]
[preview.colorlib.com/theme/yogabest/images/xperson_1.jpg.pagespeed.ic.P4pHl6glbj.jpg]
[preview.colorlib.com/theme/yogabest/images/xperson_2.jpg.pagespeed.ic.yyrmjBH91b.jpg]
[preview.colorlib.com/theme/yogabest/images/person_3.jpg]
[preview.colorlib.com/theme/yogabest/images/classes-7.jpg]
[preview.colorlib.com/theme/yogabest/images/xtrainer-1.jpg.pagespeed.ic.LJV9n807Ae.jpg]
[preview.colorlib.com/theme/yogabest/images/xtrainer-2.jpg.pagespeed.ic.FTocvSrody.jpg]
[preview.colorlib.com/theme/yogabest/images/xtrainer-3.jpg.pagespeed.ic.D1qDfBWr4Q.jpg]
[preview.colorlib.com/theme/yogabest/images/xtrainer-4.jpg.pagespeed.ic.qpFnLoS50K.jpg]
[preview.colorlib.com/theme/yogabest/blog-single.html]
[preview.colorlib.com/theme/yogabest/images/ximage_1.jpg.pagespeed.ic.wfbzM9ud7t.jpg]
[preview.colorlib.com/theme/yogabest/images/image_2.jpg]
[preview.colorlib.com/theme/yogabest/images/ximage_3.jpg.pagespeed.ic.eDYWegvkOt.jpg]
[preview.colorlib.com/cdn-cgi/scripts/5c5dd728/cloudflare-static/email-decode.min.js]
[preview.colorlib.com/theme/yogabest/js/jquery.min.js]
[preview.colorlib.com/theme/yogabest/js/jquery-migrate-3.0.1.min.js+popper.min.js+bootstrap.min.js.pagespeed.jc.gIf9CyPxcV.js]
[preview.colorlib.com/theme/yogabest/js/jquery.easing.1.3.js+jquery.waypoints.min.js+jquery.stellar.min.js+owl.carousel.min.js.pagespeed.jc._b269t-dnL.js]
[preview.colorlib.com/theme/yogabest/index.html]
[stackpath.bootstrapcdn.com/font-awesome/4.7.0/css/font-awesome.min.css]
[preview.colorlib.com/theme/yogabest/js/jquery.magnific-popup.min.js+jquery.animateNumber.min.js+scrollax.min.js+google-map.js+main.js.pagespeed.jc.WiE_h7yNKs.js]
[preview.colorlib.com/theme/yogabest/css/owl.video.play.png]
[preview.colorlib.com/theme/yogabest/fonts/flaticon/font/Flaticon.eot]
[preview.colorlib.com/theme/yogabest/fonts/flaticon/font/Flaticond41d.eot]
[preview.colorlib.com/theme/yogabest/fonts/flaticon/font/Flaticon.woff]
[preview.colorlib.com/theme/yogabest/fonts/flaticon/font/Flaticon.ttf]
[preview.colorlib.com/theme/yogabest/css/animate.css+owl.carousel.min.css+owl.theme.default.min.css+magnific-popup.css+flaticon.css+style.css.pagespeed.cc.bwKY_dlrxy.css]
[preview.colorlib.com/cdn-cgi/zaraz/sd0d9.js]
[preview.colorlib.com/theme/yogabest/fonts/flaticon/font/Flaticon.svg]
[preview.colorlib.com/theme/yogabest/css/A.animate.css+owl.carousel.min.css+owl.theme.default.min.css+magnific-popup.css+flaticon.css+style.css,Mcc.bwKY_dlrxy.css.pagespeed.cf.Z5Ul_cFbMz]
[preview.colorlib.com/theme/yogabest/images/xbg_4.jpg.pagespeed.ic.-Mkg3GBYVs.jpg]
[preview.colorlib.com/theme/yogabest/about.html]
[preview.colorlib.com/theme/yogabest/trainer.html]
[preview.colorlib.com/theme/yogabest/classes.html]
[preview.colorlib.com/theme/yogabest/schedule.html]
[preview.colorlib.com/theme/yogabest/images/image_4.jpg]
[preview.colorlib.com/theme/yogabest/images/image_5.jpg]
[preview.colorlib.com/theme/yogabest/blog.html]
[preview.colorlib.com/theme/yogabest/images/image_6.jpg]
[preview.colorlib.com/theme/yogabest/contact.html]
[preview.colorlib.com/theme/yogabest/blog-single.html]
[preview.colorlib.com/theme/yogabest/css/owl.video.play.html]
[preview.colorlib.com/theme/yogabest/fonts/flaticon/font/Flaticon.svg]
[preview.colorlib.com/theme/yogabest/css/A.animate.css+owl.carousel.min.css+owl.theme.default.min.css+magnific-popup.css+flaticon.css+style.css,Mcc.bwKY_dlrxy.css.pagespeed.cf.Z5Ul_cFbMz]
